
> frontend@0.0.0 build
> tsc -b && vite build

[36mvite v7.1.3 [32mbuilding for production...[36m[39m
transforming...
DEPRECATION WARNING [import]: Sass @import rules are deprecated and will be removed in Dart Sass 3.0.0.

More info and automated migrator: https://sass-lang.com/d/import

  ╷
1 │ @import '../../../styles/_variables';
  │         ^^^^^^^^^^^^^^^^^^^^^^^^^^^^
  ╵
    src\features\settings\pages\SettingsPage.module.scss 1:9  root stylesheet

DEPRECATION WARNING [import]: Sass @import rules are deprecated and will be removed in Dart Sass 3.0.0.

More info and automated migrator: https://sass-lang.com/d/import

  ╷
2 │ @import '../../../styles/_mixins';
  │         ^^^^^^^^^^^^^^^^^^^^^^^^^
  ╵
    src\features\settings\pages\SettingsPage.module.scss 2:9  root stylesheet

DEPRECATION WARNING [import]: Sass @import rules are deprecated and will be removed in Dart Sass 3.0.0.

More info and automated migrator: https://sass-lang.com/d/import

  ╷
1 │ @import '../../../styles/_variables';
  │         ^^^^^^^^^^^^^^^^^^^^^^^^^^^^
  ╵
    src\features\auth\pages\AuthPage.module.scss 1:9  root stylesheet

DEPRECATION WARNING [import]: Sass @import rules are deprecated and will be removed in Dart Sass 3.0.0.

More info and automated migrator: https://sass-lang.com/d/import

  ╷
2 │ @import '../../../styles/_mixins';
  │         ^^^^^^^^^^^^^^^^^^^^^^^^^
  ╵
    src\features\auth\pages\AuthPage.module.scss 2:9  root stylesheet

DEPRECATION WARNING [import]: Sass @import rules are deprecated and will be removed in Dart Sass 3.0.0.

More info and automated migrator: https://sass-lang.com/d/import

  ╷
1 │ @import '../../../styles/_variables';
  │         ^^^^^^^^^^^^^^^^^^^^^^^^^^^^
  ╵
    src\features\board\pages\BoardPage.module.scss 1:9  root stylesheet

DEPRECATION WARNING [import]: Sass @import rules are deprecated and will be removed in Dart Sass 3.0.0.

More info and automated migrator: https://sass-lang.com/d/import

  ╷
2 │ @import '../../../styles/_mixins';
  │         ^^^^^^^^^^^^^^^^^^^^^^^^^
  ╵
    src\features\board\pages\BoardPage.module.scss 2:9  root stylesheet

DEPRECATION WARNING [import]: Sass @import rules are deprecated and will be removed in Dart Sass 3.0.0.

More info and automated migrator: https://sass-lang.com/d/import

  ╷
1 │ @import '../../../styles/_variables';
  │         ^^^^^^^^^^^^^^^^^^^^^^^^^^^^
  ╵
    src\features\board\pages\BoardListPage.module.scss 1:9  root stylesheet

DEPRECATION WARNING [import]: Sass @import rules are deprecated and will be removed in Dart Sass 3.0.0.

More info and automated migrator: https://sass-lang.com/d/import

  ╷
2 │ @import '../../../styles/_mixins';
  │         ^^^^^^^^^^^^^^^^^^^^^^^^^
  ╵
    src\features\board\pages\BoardListPage.module.scss 2:9  root stylesheet

DEPRECATION WARNING [import]: Sass @import rules are deprecated and will be removed in Dart Sass 3.0.0.

More info and automated migrator: https://sass-lang.com/d/import

  ╷
1 │ @import '../../../styles/_variables';
  │         ^^^^^^^^^^^^^^^^^^^^^^^^^^^^
  ╵
    src\features\board\pages\BoardDetailsPage.module.scss 1:9  root stylesheet

DEPRECATION WARNING [import]: Sass @import rules are deprecated and will be removed in Dart Sass 3.0.0.

More info and automated migrator: https://sass-lang.com/d/import

  ╷
2 │ @import '../../../styles/_mixins';
  │         ^^^^^^^^^^^^^^^^^^^^^^^^^
  ╵
    src\features\board\pages\BoardDetailsPage.module.scss 2:9  root stylesheet

DEPRECATION WARNING [import]: Sass @import rules are deprecated and will be removed in Dart Sass 3.0.0.

More info and automated migrator: https://sass-lang.com/d/import

  ╷
1 │ @import '../../../styles/_variables';
  │         ^^^^^^^^^^^^^^^^^^^^^^^^^^^^
  ╵
    src\shared\ui\layout\Layout.module.scss 1:9  root stylesheet

DEPRECATION WARNING [import]: Sass @import rules are deprecated and will be removed in Dart Sass 3.0.0.

More info and automated migrator: https://sass-lang.com/d/import

  ╷
2 │ @import '../../../styles/_mixins';
  │         ^^^^^^^^^^^^^^^^^^^^^^^^^
  ╵
    src\shared\ui\layout\Layout.module.scss 2:9  root stylesheet

DEPRECATION WARNING [import]: Sass @import rules are deprecated and will be removed in Dart Sass 3.0.0.

More info and automated migrator: https://sass-lang.com/d/import

  ╷
1 │ @import '../../../styles/_variables';
  │         ^^^^^^^^^^^^^^^^^^^^^^^^^^^^
  ╵
    src\shared\ui\layout\Sidebar.module.scss 1:9  root stylesheet

DEPRECATION WARNING [import]: Sass @import rules are deprecated and will be removed in Dart Sass 3.0.0.

More info and automated migrator: https://sass-lang.com/d/import

  ╷
2 │ @import '../../../styles/_mixins';
  │         ^^^^^^^^^^^^^^^^^^^^^^^^^
  ╵
    src\shared\ui\layout\Sidebar.module.scss 2:9  root stylesheet

DEPRECATION WARNING [import]: Sass @import rules are deprecated and will be removed in Dart Sass 3.0.0.

More info and automated migrator: https://sass-lang.com/d/import

  ╷
1 │ @import '../../../styles/_variables';
  │         ^^^^^^^^^^^^^^^^^^^^^^^^^^^^
  ╵
    src\features\board\ui\MemberActivityIndicator.module.scss 1:9  root stylesheet

DEPRECATION WARNING [import]: Sass @import rules are deprecated and will be removed in Dart Sass 3.0.0.

More info and automated migrator: https://sass-lang.com/d/import

  ╷
2 │ @import '../../../styles/_mixins';
  │         ^^^^^^^^^^^^^^^^^^^^^^^^^
  ╵
    src\features\board\ui\MemberActivityIndicator.module.scss 2:9  root stylesheet

DEPRECATION WARNING [import]: Sass @import rules are deprecated and will be removed in Dart Sass 3.0.0.

More info and automated migrator: https://sass-lang.com/d/import

  ╷
1 │ @import '../../../styles/_variables';
  │         ^^^^^^^^^^^^^^^^^^^^^^^^^^^^
  ╵
    src\features\board\ui\ResizableSplitPanel.module.scss 1:9  root stylesheet

DEPRECATION WARNING [import]: Sass @import rules are deprecated and will be removed in Dart Sass 3.0.0.

More info and automated migrator: https://sass-lang.com/d/import

  ╷
2 │ @import '../../../styles/_mixins';
  │         ^^^^^^^^^^^^^^^^^^^^^^^^^
  ╵
    src\features\board\ui\ResizableSplitPanel.module.scss 2:9  root stylesheet

DEPRECATION WARNING [import]: Sass @import rules are deprecated and will be removed in Dart Sass 3.0.0.

More info and automated migrator: https://sass-lang.com/d/import

  ╷
1 │ @import '../../../styles/_variables';
  │         ^^^^^^^^^^^^^^^^^^^^^^^^^^^^
  ╵
    src\features\board\ui\ConnectionStatusBanner.module.scss 1:9  root stylesheet

DEPRECATION WARNING [import]: Sass @import rules are deprecated and will be removed in Dart Sass 3.0.0.

More info and automated migrator: https://sass-lang.com/d/import

  ╷
2 │ @import '../../../styles/_mixins';
  │         ^^^^^^^^^^^^^^^^^^^^^^^^^
  ╵
    src\features\board\ui\ConnectionStatusBanner.module.scss 2:9  root stylesheet

DEPRECATION WARNING [import]: Sass @import rules are deprecated and will be removed in Dart Sass 3.0.0.

More info and automated migrator: https://sass-lang.com/d/import

  ╷
1 │ @import '../../../../styles/_variables';
  │         ^^^^^^^^^^^^^^^^^^^^^^^^^^^^^^^
  ╵
    src\shared\ui\components\overlays\ContextMenu.module.scss 1:9  root stylesheet

DEPRECATION WARNING [import]: Sass @import rules are deprecated and will be removed in Dart Sass 3.0.0.

More info and automated migrator: https://sass-lang.com/d/import

  ╷
2 │ @import '../../../../styles/_mixins';
  │         ^^^^^^^^^^^^^^^^^^^^^^^^^^^^
  ╵
    src\shared\ui\components\overlays\ContextMenu.module.scss 2:9  root stylesheet

DEPRECATION WARNING [import]: Sass @import rules are deprecated and will be removed in Dart Sass 3.0.0.

More info and automated migrator: https://sass-lang.com/d/import

  ╷
1 │ @import '../../../../styles/_variables';
  │         ^^^^^^^^^^^^^^^^^^^^^^^^^^^^^^^
  ╵
    src\shared\ui\components\display\PageLoader.module.scss 1:9  root stylesheet

DEPRECATION WARNING [import]: Sass @import rules are deprecated and will be removed in Dart Sass 3.0.0.

More info and automated migrator: https://sass-lang.com/d/import

  ╷
2 │ @import '../../../../styles/_mixins';
  │         ^^^^^^^^^^^^^^^^^^^^^^^^^^^^
  ╵
    src\shared\ui\components\display\PageLoader.module.scss 2:9  root stylesheet

DEPRECATION WARNING [import]: Sass @import rules are deprecated and will be removed in Dart Sass 3.0.0.

More info and automated migrator: https://sass-lang.com/d/import

  ╷
1 │ @import '../../../../styles/_variables';
  │         ^^^^^^^^^^^^^^^^^^^^^^^^^^^^^^^
  ╵
    src\shared\ui\components\display\LoadingOverlay.module.scss 1:9  root stylesheet

DEPRECATION WARNING [import]: Sass @import rules are deprecated and will be removed in Dart Sass 3.0.0.

More info and automated migrator: https://sass-lang.com/d/import

  ╷
2 │ @import '../../../../styles/_mixins';
  │         ^^^^^^^^^^^^^^^^^^^^^^^^^^^^
  ╵
    src\shared\ui\components\display\LoadingOverlay.module.scss 2:9  root stylesheet

DEPRECATION WARNING [import]: Sass @import rules are deprecated and will be removed in Dart Sass 3.0.0.

More info and automated migrator: https://sass-lang.com/d/import

  ╷
1 │ @import '../../../../styles/_variables';
  │         ^^^^^^^^^^^^^^^^^^^^^^^^^^^^^^^
  ╵
    src\shared\ui\components\navigation\ViewToggle.module.scss 1:9  root stylesheet

DEPRECATION WARNING [import]: Sass @import rules are deprecated and will be removed in Dart Sass 3.0.0.

More info and automated migrator: https://sass-lang.com/d/import

  ╷
2 │ @import '../../../../styles/_mixins';
  │         ^^^^^^^^^^^^^^^^^^^^^^^^^^^^
  ╵
    src\shared\ui\components\navigation\ViewToggle.module.scss 2:9  root stylesheet

DEPRECATION WARNING [import]: Sass @import rules are deprecated and will be removed in Dart Sass 3.0.0.

More info and automated migrator: https://sass-lang.com/d/import

  ╷
1 │ @import '../../../../styles/_variables';
  │         ^^^^^^^^^^^^^^^^^^^^^^^^^^^^^^^
  ╵
    src\shared\ui\components\forms\PictureManager.module.scss 1:9  root stylesheet

DEPRECATION WARNING [import]: Sass @import rules are deprecated and will be removed in Dart Sass 3.0.0.

More info and automated migrator: https://sass-lang.com/d/import

  ╷
2 │ @import '../../../../styles/_mixins';
  │         ^^^^^^^^^^^^^^^^^^^^^^^^^^^^
  ╵
    src\shared\ui\components\forms\PictureManager.module.scss 2:9  root stylesheet

DEPRECATION WARNING [import]: Sass @import rules are deprecated and will be removed in Dart Sass 3.0.0.

More info and automated migrator: https://sass-lang.com/d/import

  ╷
1 │ @import '../../../../styles/_variables';
  │         ^^^^^^^^^^^^^^^^^^^^^^^^^^^^^^^
  ╵
    src\shared\ui\components\overlays\Modal.module.scss 1:9  root stylesheet

DEPRECATION WARNING [import]: Sass @import rules are deprecated and will be removed in Dart Sass 3.0.0.

More info and automated migrator: https://sass-lang.com/d/import

  ╷
2 │ @import '../../../../styles/_mixins';
  │         ^^^^^^^^^^^^^^^^^^^^^^^^^^^^
  ╵
    src\shared\ui\components\overlays\Modal.module.scss 2:9  root stylesheet

DEPRECATION WARNING [import]: Sass @import rules are deprecated and will be removed in Dart Sass 3.0.0.

More info and automated migrator: https://sass-lang.com/d/import

  ╷
1 │ @import '../../../../styles/_variables';
  │         ^^^^^^^^^^^^^^^^^^^^^^^^^^^^^^^
  ╵
    src\shared\ui\components\forms\PasswordInput.module.scss 1:9  root stylesheet

DEPRECATION WARNING [import]: Sass @import rules are deprecated and will be removed in Dart Sass 3.0.0.

More info and automated migrator: https://sass-lang.com/d/import

  ╷
2 │ @import '../../../../styles/_mixins';
  │         ^^^^^^^^^^^^^^^^^^^^^^^^^^^^
  ╵
    src\shared\ui\components\forms\PasswordInput.module.scss 2:9  root stylesheet

DEPRECATION WARNING [import]: Sass @import rules are deprecated and will be removed in Dart Sass 3.0.0.

More info and automated migrator: https://sass-lang.com/d/import

  ╷
1 │ @import '../../../../styles/_variables';
  │         ^^^^^^^^^^^^^^^^^^^^^^^^^^^^^^^
  ╵
    src\shared\ui\components\overlays\ConfirmationDialog.module.scss 1:9  root stylesheet

DEPRECATION WARNING [import]: Sass @import rules are deprecated and will be removed in Dart Sass 3.0.0.

More info and automated migrator: https://sass-lang.com/d/import

  ╷
2 │ @import '../../../../styles/_mixins';
  │         ^^^^^^^^^^^^^^^^^^^^^^^^^^^^
  ╵
    src\shared\ui\components\overlays\ConfirmationDialog.module.scss 2:9  root stylesheet

DEPRECATION WARNING [import]: Sass @import rules are deprecated and will be removed in Dart Sass 3.0.0.

More info and automated migrator: https://sass-lang.com/d/import

  ╷
1 │ @import '../../../../styles/_variables';
  │         ^^^^^^^^^^^^^^^^^^^^^^^^^^^^^^^
  ╵
    src\shared\ui\components\forms\Input.module.scss 1:9  root stylesheet

DEPRECATION WARNING [import]: Sass @import rules are deprecated and will be removed in Dart Sass 3.0.0.

More info and automated migrator: https://sass-lang.com/d/import

  ╷
2 │ @import '../../../../styles/_mixins';
  │         ^^^^^^^^^^^^^^^^^^^^^^^^^^^^
  ╵
    src\shared\ui\components\forms\Input.module.scss 2:9  root stylesheet

DEPRECATION WARNING [import]: Sass @import rules are deprecated and will be removed in Dart Sass 3.0.0.

More info and automated migrator: https://sass-lang.com/d/import

  ╷
1 │ @import '../../../../styles/_variables';
  │         ^^^^^^^^^^^^^^^^^^^^^^^^^^^^^^^
  ╵
    src\shared\ui\components\overlays\ColorPicker.module.scss 1:9  root stylesheet

DEPRECATION WARNING [import]: Sass @import rules are deprecated and will be removed in Dart Sass 3.0.0.

More info and automated migrator: https://sass-lang.com/d/import

  ╷
2 │ @import '../../../../styles/_mixins';
  │         ^^^^^^^^^^^^^^^^^^^^^^^^^^^^
  ╵
    src\shared\ui\components\overlays\ColorPicker.module.scss 2:9  root stylesheet

DEPRECATION WARNING [import]: Sass @import rules are deprecated and will be removed in Dart Sass 3.0.0.

More info and automated migrator: https://sass-lang.com/d/import

  ╷
1 │ @import '../../../../styles/_variables';
  │         ^^^^^^^^^^^^^^^^^^^^^^^^^^^^^^^
  ╵
    src\shared\ui\components\forms\Slider.module.scss 1:9  root stylesheet

DEPRECATION WARNING [import]: Sass @import rules are deprecated and will be removed in Dart Sass 3.0.0.

More info and automated migrator: https://sass-lang.com/d/import

  ╷
2 │ @import '../../../../styles/_mixins';
  │         ^^^^^^^^^^^^^^^^^^^^^^^^^^^^
  ╵
    src\shared\ui\components\forms\Slider.module.scss 2:9  root stylesheet

DEPRECATION WARNING [import]: Sass @import rules are deprecated and will be removed in Dart Sass 3.0.0.

More info and automated migrator: https://sass-lang.com/d/import

  ╷
1 │ @import '../../../../styles/_variables';
  │         ^^^^^^^^^^^^^^^^^^^^^^^^^^^^^^^
  ╵
    src\shared\ui\components\navigation\SearchBar.module.scss 1:9  root stylesheet

DEPRECATION WARNING [import]: Sass @import rules are deprecated and will be removed in Dart Sass 3.0.0.

More info and automated migrator: https://sass-lang.com/d/import

  ╷
2 │ @import '../../../../styles/_mixins';
  │         ^^^^^^^^^^^^^^^^^^^^^^^^^^^^
  ╵
    src\shared\ui\components\navigation\SearchBar.module.scss 2:9  root stylesheet

DEPRECATION WARNING [import]: Sass @import rules are deprecated and will be removed in Dart Sass 3.0.0.

More info and automated migrator: https://sass-lang.com/d/import

  ╷
1 │ @import '../../../../styles/_variables';
  │         ^^^^^^^^^^^^^^^^^^^^^^^^^^^^^^^
  ╵
    src\shared\ui\components\forms\Button.module.scss 1:9  root stylesheet

DEPRECATION WARNING [import]: Sass @import rules are deprecated and will be removed in Dart Sass 3.0.0.

More info and automated migrator: https://sass-lang.com/d/import

  ╷
2 │ @import '../../../../styles/_mixins';
  │         ^^^^^^^^^^^^^^^^^^^^^^^^^^^^
  ╵
    src\shared\ui\components\forms\Button.module.scss 2:9  root stylesheet

DEPRECATION WARNING [import]: Sass @import rules are deprecated and will be removed in Dart Sass 3.0.0.

More info and automated migrator: https://sass-lang.com/d/import

  ╷
1 │ @import '../../../../styles/_variables';
  │         ^^^^^^^^^^^^^^^^^^^^^^^^^^^^^^^
  ╵
    src\shared\ui\components\advanced\UniversalToolbar.module.scss 1:9  root stylesheet

DEPRECATION WARNING [import]: Sass @import rules are deprecated and will be removed in Dart Sass 3.0.0.

More info and automated migrator: https://sass-lang.com/d/import

  ╷
2 │ @import '../../../../styles/_mixins';
  │         ^^^^^^^^^^^^^^^^^^^^^^^^^^^^
  ╵
    src\shared\ui\components\advanced\UniversalToolbar.module.scss 2:9  root stylesheet

DEPRECATION WARNING [import]: Sass @import rules are deprecated and will be removed in Dart Sass 3.0.0.

More info and automated migrator: https://sass-lang.com/d/import

  ╷
1 │ @import '../../../styles/_variables';
  │         ^^^^^^^^^^^^^^^^^^^^^^^^^^^^
  ╵
    src\features\settings\ui\GuestLanguageSwitcher.module.scss 1:9  root stylesheet

DEPRECATION WARNING [import]: Sass @import rules are deprecated and will be removed in Dart Sass 3.0.0.

More info and automated migrator: https://sass-lang.com/d/import

  ╷
2 │ @import '../../../styles/_mixins';
  │         ^^^^^^^^^^^^^^^^^^^^^^^^^
  ╵
    src\features\settings\ui\GuestLanguageSwitcher.module.scss 2:9  root stylesheet

DEPRECATION WARNING [import]: Sass @import rules are deprecated and will be removed in Dart Sass 3.0.0.

More info and automated migrator: https://sass-lang.com/d/import

  ╷
1 │ @import '../../../styles/_variables';
  │         ^^^^^^^^^^^^^^^^^^^^^^^^^^^^
  ╵
    src\features\settings\components\ChangePasswordForm.module.scss 1:9  root stylesheet

DEPRECATION WARNING [import]: Sass @import rules are deprecated and will be removed in Dart Sass 3.0.0.

More info and automated migrator: https://sass-lang.com/d/import

  ╷
2 │ @import '../../../styles/_mixins';
  │         ^^^^^^^^^^^^^^^^^^^^^^^^^
  ╵
    src\features\settings\components\ChangePasswordForm.module.scss 2:9  root stylesheet

DEPRECATION WARNING [import]: Sass @import rules are deprecated and will be removed in Dart Sass 3.0.0.

More info and automated migrator: https://sass-lang.com/d/import

  ╷
1 │ @import '../../../../styles/_variables';
  │         ^^^^^^^^^^^^^^^^^^^^^^^^^^^^^^^
  ╵
    src\features\board\components\list\BoardCard.module.scss 1:9  root stylesheet

DEPRECATION WARNING [import]: Sass @import rules are deprecated and will be removed in Dart Sass 3.0.0.

More info and automated migrator: https://sass-lang.com/d/import

  ╷
2 │ @import '../../../../styles/_mixins';
  │         ^^^^^^^^^^^^^^^^^^^^^^^^^^^^
  ╵
    src\features\board\components\list\BoardCard.module.scss 2:9  root stylesheet

DEPRECATION WARNING [import]: Sass @import rules are deprecated and will be removed in Dart Sass 3.0.0.

More info and automated migrator: https://sass-lang.com/d/import

  ╷
1 │ @import '../../../styles/_variables';
  │         ^^^^^^^^^^^^^^^^^^^^^^^^^^^^
  ╵
    src\features\auth\ui\CommonForm.module.scss 1:9  root stylesheet

DEPRECATION WARNING [import]: Sass @import rules are deprecated and will be removed in Dart Sass 3.0.0.

More info and automated migrator: https://sass-lang.com/d/import

  ╷
2 │ @import '../../../styles/_mixins';
  │         ^^^^^^^^^^^^^^^^^^^^^^^^^
  ╵
    src\features\auth\ui\CommonForm.module.scss 2:9  root stylesheet

DEPRECATION WARNING [import]: Sass @import rules are deprecated and will be removed in Dart Sass 3.0.0.

More info and automated migrator: https://sass-lang.com/d/import

  ╷
1 │ @import '../../../../styles/_variables';
  │         ^^^^^^^^^^^^^^^^^^^^^^^^^^^^^^^
  ╵
    src\features\board\components\list\MemberInviteInput.module.scss 1:9  root stylesheet

DEPRECATION WARNING [import]: Sass @import rules are deprecated and will be removed in Dart Sass 3.0.0.

More info and automated migrator: https://sass-lang.com/d/import

  ╷
2 │ @import '../../../../styles/_mixins';
  │         ^^^^^^^^^^^^^^^^^^^^^^^^^^^^
  ╵
    src\features\board\components\list\MemberInviteInput.module.scss 2:9  root stylesheet

DEPRECATION WARNING [import]: Sass @import rules are deprecated and will be removed in Dart Sass 3.0.0.

More info and automated migrator: https://sass-lang.com/d/import

  ╷
1 │ @import '../../../../styles/_variables';
  │         ^^^^^^^^^^^^^^^^^^^^^^^^^^^^^^^
  ╵
    src\features\board\components\workspace\BoardWorkspace.module.scss 1:9  root stylesheet

DEPRECATION WARNING [import]: Sass @import rules are deprecated and will be removed in Dart Sass 3.0.0.

More info and automated migrator: https://sass-lang.com/d/import

  ╷
2 │ @import '../../../../styles/_mixins';
  │         ^^^^^^^^^^^^^^^^^^^^^^^^^^^^
  ╵
    src\features\board\components\workspace\BoardWorkspace.module.scss 2:9  root stylesheet

DEPRECATION WARNING [import]: Sass @import rules are deprecated and will be removed in Dart Sass 3.0.0.

More info and automated migrator: https://sass-lang.com/d/import

  ╷
1 │ @import '../../../../styles/_variables';
  │         ^^^^^^^^^^^^^^^^^^^^^^^^^^^^^^^
  ╵
    src\features\board\components\workspace\CanvasToolSection.module.scss 1:9  root stylesheet

DEPRECATION WARNING [import]: Sass @import rules are deprecated and will be removed in Dart Sass 3.0.0.

More info and automated migrator: https://sass-lang.com/d/import

  ╷
2 │ @import '../../../../styles/_mixins';
  │         ^^^^^^^^^^^^^^^^^^^^^^^^^^^^
  ╵
    src\features\board\components\workspace\CanvasToolSection.module.scss 2:9  root stylesheet

DEPRECATION WARNING [import]: Sass @import rules are deprecated and will be removed in Dart Sass 3.0.0.

More info and automated migrator: https://sass-lang.com/d/import

  ╷
1 │ @import '../../../../styles/_variables';
  │         ^^^^^^^^^^^^^^^^^^^^^^^^^^^^^^^
  ╵
    src\features\board\components\details\CanvasSettingsSection.module.scss 1:9  root stylesheet

DEPRECATION WARNING [import]: Sass @import rules are deprecated and will be removed in Dart Sass 3.0.0.

More info and automated migrator: https://sass-lang.com/d/import

  ╷
2 │ @import '../../../../styles/_mixins';
  │         ^^^^^^^^^^^^^^^^^^^^^^^^^^^^
  ╵
    src\features\board\components\details\CanvasSettingsSection.module.scss 2:9  root stylesheet

DEPRECATION WARNING [import]: Sass @import rules are deprecated and will be removed in Dart Sass 3.0.0.

More info and automated migrator: https://sass-lang.com/d/import

  ╷
1 │ @import '../../../../styles/_variables';
  │         ^^^^^^^^^^^^^^^^^^^^^^^^^^^^^^^
  ╵
    src\features\board\components\details\BoardDetailsHeader.module.scss 1:9  root stylesheet

DEPRECATION WARNING [import]: Sass @import rules are deprecated and will be removed in Dart Sass 3.0.0.

More info and automated migrator: https://sass-lang.com/d/import

  ╷
2 │ @import '../../../../styles/_mixins';
  │         ^^^^^^^^^^^^^^^^^^^^^^^^^^^^
  ╵
    src\features\board\components\details\BoardDetailsHeader.module.scss 2:9  root stylesheet

DEPRECATION WARNING [import]: Sass @import rules are deprecated and will be removed in Dart Sass 3.0.0.

More info and automated migrator: https://sass-lang.com/d/import

  ╷
1 │ @import '../../../../styles/_variables';
  │         ^^^^^^^^^^^^^^^^^^^^^^^^^^^^^^^
  ╵
    src\features\board\components\list\BoardImageUpload.module.scss 1:9  root stylesheet

DEPRECATION WARNING [import]: Sass @import rules are deprecated and will be removed in Dart Sass 3.0.0.

More info and automated migrator: https://sass-lang.com/d/import

  ╷
2 │ @import '../../../../styles/_mixins';
  │         ^^^^^^^^^^^^^^^^^^^^^^^^^^^^
  ╵
    src\features\board\components\list\BoardImageUpload.module.scss 2:9  root stylesheet

DEPRECATION WARNING [import]: Sass @import rules are deprecated and will be removed in Dart Sass 3.0.0.

More info and automated migrator: https://sass-lang.com/d/import

  ╷
1 │ @import '../../../styles/_variables';
  │         ^^^^^^^^^^^^^^^^^^^^^^^^^^^^
  ╵
    src\features\auth\components\LoginForm.module.scss 1:9  root stylesheet

DEPRECATION WARNING [import]: Sass @import rules are deprecated and will be removed in Dart Sass 3.0.0.

More info and automated migrator: https://sass-lang.com/d/import

  ╷
2 │ @import '../../../styles/_mixins';
  │         ^^^^^^^^^^^^^^^^^^^^^^^^^
  ╵
    src\features\auth\components\LoginForm.module.scss 2:9  root stylesheet

DEPRECATION WARNING [import]: Sass @import rules are deprecated and will be removed in Dart Sass 3.0.0.

More info and automated migrator: https://sass-lang.com/d/import

  ╷
1 │ @import '../../../../styles/_variables';
  │         ^^^^^^^^^^^^^^^^^^^^^^^^^^^^^^^
  ╵
    src\features\board\components\workspace\Canvas.module.scss 1:9  root stylesheet

DEPRECATION WARNING [import]: Sass @import rules are deprecated and will be removed in Dart Sass 3.0.0.

More info and automated migrator: https://sass-lang.com/d/import

  ╷
2 │ @import '../../../../styles/_mixins';
  │         ^^^^^^^^^^^^^^^^^^^^^^^^^^^^
  ╵
    src\features\board\components\workspace\Canvas.module.scss 2:9  root stylesheet

DEPRECATION WARNING [import]: Sass @import rules are deprecated and will be removed in Dart Sass 3.0.0.

More info and automated migrator: https://sass-lang.com/d/import

  ╷
1 │ @import '../../../styles/_variables';
  │         ^^^^^^^^^^^^^^^^^^^^^^^^^^^^
  ╵
    src\features\auth\components\RegistrationForm.module.scss 1:9  root stylesheet

DEPRECATION WARNING [import]: Sass @import rules are deprecated and will be removed in Dart Sass 3.0.0.

More info and automated migrator: https://sass-lang.com/d/import

  ╷
2 │ @import '../../../styles/_mixins';
  │         ^^^^^^^^^^^^^^^^^^^^^^^^^
  ╵
    src\features\auth\components\RegistrationForm.module.scss 2:9  root stylesheet

DEPRECATION WARNING [import]: Sass @import rules are deprecated and will be removed in Dart Sass 3.0.0.

More info and automated migrator: https://sass-lang.com/d/import

  ╷
1 │ @import '../../../../styles/_variables';
  │         ^^^^^^^^^^^^^^^^^^^^^^^^^^^^^^^
  ╵
    src\features\board\components\details\MemberListItem.module.scss 1:9  root stylesheet

DEPRECATION WARNING [import]: Sass @import rules are deprecated and will be removed in Dart Sass 3.0.0.

More info and automated migrator: https://sass-lang.com/d/import

  ╷
2 │ @import '../../../../styles/_mixins';
  │         ^^^^^^^^^^^^^^^^^^^^^^^^^^^^
  ╵
    src\features\board\components\details\MemberListItem.module.scss 2:9  root stylesheet

DEPRECATION WARNING [import]: Sass @import rules are deprecated and will be removed in Dart Sass 3.0.0.

More info and automated migrator: https://sass-lang.com/d/import

  ╷
1 │ @import '../../../styles/_variables';
  │         ^^^^^^^^^^^^^^^^^^^^^^^^^^^^
  ╵
    src\features\auth\components\GoogleLoginButton.module.scss 1:9  root stylesheet

DEPRECATION WARNING [import]: Sass @import rules are deprecated and will be removed in Dart Sass 3.0.0.

More info and automated migrator: https://sass-lang.com/d/import

  ╷
2 │ @import '../../../styles/_mixins';
  │         ^^^^^^^^^^^^^^^^^^^^^^^^^
  ╵
    src\features\auth\components\GoogleLoginButton.module.scss 2:9  root stylesheet

[32m✓[39m 1978 modules transformed.
[31m✗[39m Build failed in 5.50s
[31merror during build:
[31m[vite:css] [sass] Undefined variable.
   ╷
10 │   background: $activity-indicator-bg;
   │               ^^^^^^^^^^^^^^^^^^^^^^
   ╵
  src\features\board\ui\MemberActivityIndicator.module.scss 10:15  root stylesheet[31m
file: [36mC:/Users/Sagi/Documents/Workspace/VS_Code/SynchBoard/frontend/src/features/board/ui/MemberActivityIndicator.module.scss[31m
[33m
[sass] Undefined variable.
   ╷
10 │   background: $activity-indicator-bg;
   │               ^^^^^^^^^^^^^^^^^^^^^^
   ╵
  src\features\board\ui\MemberActivityIndicator.module.scss 10:15  root stylesheet
[31m
Error: Undefined variable.
   ╷
10 │   background: $activity-indicator-bg;
   │               ^^^^^^^^^^^^^^^^^^^^^^
   ╵
  src\features\board\ui\MemberActivityIndicator.module.scss 10:15  root stylesheet
    at Object.wrapException (C:\Users\Sagi\Documents\Workspace\VS_Code\SynchBoard\frontend\node_modules\sass\sass.dart.js:2292:47)
    at C:\Users\Sagi\Documents\Workspace\VS_Code\SynchBoard\frontend\node_modules\sass\sass.dart.js:88735:23
    at _wrapJsFunctionForAsync_closure.$protected (C:\Users\Sagi\Documents\Workspace\VS_Code\SynchBoard\frontend\node_modules\sass\sass.dart.js:4960:15)
    at _wrapJsFunctionForAsync_closure.call$2 (C:\Users\Sagi\Documents\Workspace\VS_Code\SynchBoard\frontend\node_modules\sass\sass.dart.js:37954:12)
    at Object._asyncStartSync (C:\Users\Sagi\Documents\Workspace\VS_Code\SynchBoard\frontend\node_modules\sass\sass.dart.js:4924:20)
    at _EvaluateVisitor2.visitVariableExpression$body$_EvaluateVisitor0 (C:\Users\Sagi\Documents\Workspace\VS_Code\SynchBoard\frontend\node_modules\sass\sass.dart.js:88741:16)
    at _EvaluateVisitor2.visitVariableExpression$1 (C:\Users\Sagi\Documents\Workspace\VS_Code\SynchBoard\frontend\node_modules\sass\sass.dart.js:88715:19)
    at VariableExpression0.accept$1$1 (C:\Users\Sagi\Documents\Workspace\VS_Code\SynchBoard\frontend\node_modules\sass\sass.dart.js:124270:22)
    at VariableExpression0.accept$1 (C:\Users\Sagi\Documents\Workspace\VS_Code\SynchBoard\frontend\node_modules\sass\sass.dart.js:124273:19)
    at C:\Users\Sagi\Documents\Workspace\VS_Code\SynchBoard\frontend\node_modules\sass\sass.dart.js:86805:41
    at _wrapJsFunctionForAsync_closure.$protected (C:\Users\Sagi\Documents\Workspace\VS_Code\SynchBoard\frontend\node_modules\sass\sass.dart.js:4960:15)
    at _wrapJsFunctionForAsync_closure.call$2 (C:\Users\Sagi\Documents\Workspace\VS_Code\SynchBoard\frontend\node_modules\sass\sass.dart.js:37954:12)
    at _awaitOnObject_closure.call$1 (C:\Users\Sagi\Documents\Workspace\VS_Code\SynchBoard\frontend\node_modules\sass\sass.dart.js:37942:32)
    at Object._rootRunUnary (C:\Users\Sagi\Documents\Workspace\VS_Code\SynchBoard\frontend\node_modules\sass\sass.dart.js:5378:18)
    at StaticClosure.<anonymous> (C:\Users\Sagi\Documents\Workspace\VS_Code\SynchBoard\frontend\node_modules\sass\sass.dart.js:124592:16)
    at _CustomZone.runUnary$2$2 (C:\Users\Sagi\Documents\Workspace\VS_Code\SynchBoard\frontend\node_modules\sass\sass.dart.js:39385:39)
    at _Future__propagateToListeners_handleValueCallback.call$0 (C:\Users\Sagi\Documents\Workspace\VS_Code\SynchBoard\frontend\node_modules\sass\sass.dart.js:38443:51)
    at Object._Future__propagateToListeners (C:\Users\Sagi\Documents\Workspace\VS_Code\SynchBoard\frontend\node_modules\sass\sass.dart.js:5170:93)
    at _Future._completeWithValue$1 (C:\Users\Sagi\Documents\Workspace\VS_Code\SynchBoard\frontend\node_modules\sass\sass.dart.js:38306:9)
    at _AsyncAwaitCompleter.complete$1 (C:\Users\Sagi\Documents\Workspace\VS_Code\SynchBoard\frontend\node_modules\sass\sass.dart.js:37929:14)
    at Object._asyncReturn (C:\Users\Sagi\Documents\Workspace\VS_Code\SynchBoard\frontend\node_modules\sass\sass.dart.js:4932:17)
    at C:\Users\Sagi\Documents\Workspace\VS_Code\SynchBoard\frontend\node_modules\sass\sass.dart.js:90840:24
    at _wrapJsFunctionForAsync_closure.$protected (C:\Users\Sagi\Documents\Workspace\VS_Code\SynchBoard\frontend\node_modules\sass\sass.dart.js:4960:15)
    at _wrapJsFunctionForAsync_closure.call$2 (C:\Users\Sagi\Documents\Workspace\VS_Code\SynchBoard\frontend\node_modules\sass\sass.dart.js:37954:12)
    at _awaitOnObject_closure.call$1 (C:\Users\Sagi\Documents\Workspace\VS_Code\SynchBoard\frontend\node_modules\sass\sass.dart.js:37942:32)
    at Object._rootRunUnary (C:\Users\Sagi\Documents\Workspace\VS_Code\SynchBoard\frontend\node_modules\sass\sass.dart.js:5378:18)
    at StaticClosure.<anonymous> (C:\Users\Sagi\Documents\Workspace\VS_Code\SynchBoard\frontend\node_modules\sass\sass.dart.js:124592:16)
    at _CustomZone.runUnary$2$2 (C:\Users\Sagi\Documents\Workspace\VS_Code\SynchBoard\frontend\node_modules\sass\sass.dart.js:39385:39)
    at _Future__propagateToListeners_handleValueCallback.call$0 (C:\Users\Sagi\Documents\Workspace\VS_Code\SynchBoard\frontend\node_modules\sass\sass.dart.js:38443:51)
    at Object._Future__propagateToListeners (C:\Users\Sagi\Documents\Workspace\VS_Code\SynchBoard\frontend\node_modules\sass\sass.dart.js:5170:93)
    at _Future._completeWithValue$1 (C:\Users\Sagi\Documents\Workspace\VS_Code\SynchBoard\frontend\node_modules\sass\sass.dart.js:38306:9)
    at _AsyncAwaitCompleter.complete$1 (C:\Users\Sagi\Documents\Workspace\VS_Code\SynchBoard\frontend\node_modules\sass\sass.dart.js:37929:14)
    at Object._asyncReturn (C:\Users\Sagi\Documents\Workspace\VS_Code\SynchBoard\frontend\node_modules\sass\sass.dart.js:4932:17)
    at C:\Users\Sagi\Documents\Workspace\VS_Code\SynchBoard\frontend\node_modules\sass\sass.dart.js:90872:24
    at _wrapJsFunctionForAsync_closure.$protected (C:\Users\Sagi\Documents\Workspace\VS_Code\SynchBoard\frontend\node_modules\sass\sass.dart.js:4960:15)
    at _wrapJsFunctionForAsync_closure.call$2 (C:\Users\Sagi\Documents\Workspace\VS_Code\SynchBoard\frontend\node_modules\sass\sass.dart.js:37954:12)
    at _awaitOnObject_closure.call$1 (C:\Users\Sagi\Documents\Workspace\VS_Code\SynchBoard\frontend\node_modules\sass\sass.dart.js:37942:32)
    at Object._rootRunUnary (C:\Users\Sagi\Documents\Workspace\VS_Code\SynchBoard\frontend\node_modules\sass\sass.dart.js:5378:18)
    at StaticClosure.<anonymous> (C:\Users\Sagi\Documents\Workspace\VS_Code\SynchBoard\frontend\node_modules\sass\sass.dart.js:124592:16)
    at _CustomZone.runUnary$2$2 (C:\Users\Sagi\Documents\Workspace\VS_Code\SynchBoard\frontend\node_modules\sass\sass.dart.js:39385:39)
    at _Future__propagateToListeners_handleValueCallback.call$0 (C:\Users\Sagi\Documents\Workspace\VS_Code\SynchBoard\frontend\node_modules\sass\sass.dart.js:38443:51)
    at Object._Future__propagateToListeners (C:\Users\Sagi\Documents\Workspace\VS_Code\SynchBoard\frontend\node_modules\sass\sass.dart.js:5170:93)
    at _Future._completeWithValue$1 (C:\Users\Sagi\Documents\Workspace\VS_Code\SynchBoard\frontend\node_modules\sass\sass.dart.js:38306:9)
    at _Future__asyncCompleteWithValue_closure.call$0 (C:\Users\Sagi\Documents\Workspace\VS_Code\SynchBoard\frontend\node_modules\sass\sass.dart.js:38371:18)
    at Object._rootRun (C:\Users\Sagi\Documents\Workspace\VS_Code\SynchBoard\frontend\node_modules\sass\sass.dart.js:5368:16)
    at StaticClosure.<anonymous> (C:\Users\Sagi\Documents\Workspace\VS_Code\SynchBoard\frontend\node_modules\sass\sass.dart.js:124588:16)
    at _CustomZone.run$1$1 (C:\Users\Sagi\Documents\Workspace\VS_Code\SynchBoard\frontend\node_modules\sass\sass.dart.js:39380:39)
    at _CustomZone_bindCallback_closure.call$0 (C:\Users\Sagi\Documents\Workspace\VS_Code\SynchBoard\frontend\node_modules\sass\sass.dart.js:39477:25)
    at Object._microtaskLoop (C:\Users\Sagi\Documents\Workspace\VS_Code\SynchBoard\frontend\node_modules\sass\sass.dart.js:5228:24)
    at StaticClosure._startMicrotaskLoop (C:\Users\Sagi\Documents\Workspace\VS_Code\SynchBoard\frontend\node_modules\sass\sass.dart.js:5234:11)[39m
